00      NOP
    0 MC 0000
    4 MR 0000 00
0000 0000 0000 0000 0000 0000 0000 0000 0000 0000 0000 0001
00 01 0 0 0 0 4

ed67    RRD
    0 MC 0000
    4 MR 0000 ed
    4 MC 0001
    8 MR 0001 67
    8 MC b9de
   11 MR b9de 93
   11 MC b9de
   12 MC b9de
   13 MC b9de
   14 MC b9de
   15 MC b9de
   18 MW b9de 69
3324 b16a a4db b9de 0000 0000 0000 0000 0000 0000 0000 0002
00 02 0 0 0 0 18
b9de 69 -1

ed6f    RLD
    0 MC 0000
    4 MR 0000 ed
    4 MC 0001
    8 MR 0001 6f
    8 MC 403c
   11 MR 403c c4
   11 MC 403c
   12 MC 403c
   13 MC 403c
   14 MC 403c
   15 MC 403c
   18 MW 403c 45
6c2d 7a7a ecf0 403c 0000 0000 0000 0000 0000 0000 0000 0002
00 02 0 0 0 0 18
403c 45 -1

81      ADD A,C
    0 MC 0000
    4 MR 0000 81
3031 0f3b 200d dca6 0000 0000 0000 0000 0000 0000 0000 0001
00 01 0 0 0 0 4

cb41    BIT 0,C
    0 MC 0000
    4 MR 0000 cb
    4 MC 0001
    8 MR 0001 41
9e10 1b43 954e 7be9 0000 0000 0000 0000 0000 0000 0000 0002
00 02 0 0 0 0 8

cb93    RES 2,E
    0 MC 0000
    4 MR 0000 cb
    4 MC 0001
    8 MR 0001 93
c200 4e05 b3f8 2234 0000 0000 0000 0000 0000 0000 0000 0002
00 02 0 0 0 0 8

cbe5    SET 4,L
    0 MC 0000
    4 MR 0000 cb
    4 MC 0001
    8 MR 0001 e5
ca00 df0d d588 b49f 0000 0000 0000 0000 0000 0000 0000 0002
00 02 0 0 0 0 8

8c      ADC A,H
    0 MC 0000
    4 MR 0000 8c
d191 0f3b 200d dca6 0000 0000 0000 0000 0000 0000 0000 0001
00 01 0 0 0 0 4

92      SUB D
    0 MC 0000
    4 MR 0000 92
d582 0f3b 200d dca6 0000 0000 0000 0000 0000 0000 0000 0001
00 01 0 0 0 0 4

9d      SBC A,L
    0 MC 0000
    4 MR 0000 9d
4f1a 0f3b 200d dca6 0000 0000 0000 0000 0000 0000 0000 0001
00 01 0 0 0 0 4

a3      AND E
    0 MC 0000
    4 MR 0000 a3
0514 0f3b 200d dca6 0000 0000 0000 0000 0000 0000 0000 0001
00 01 0 0 0 0 4

ae      XOR (HL)
    0 MC 0000
    4 MR 0000 ae
    4 MC dca6
    7 MR dca6 49
bca8 0f3b 200d dca6 0000 0000 0000 0000 0000 0000 0000 0001
00 01 0 0 0 0 7

b4      OR H
    0 MC 0000
    4 MR 0000 b4
fda8 0f3b 200d dca6 0000 0000 0000 0000 0000 0000 0000 0001
00 01 0 0 0 0 4

bf      CP A
    0 MC 0000
    4 MR 0000 bf
f562 0f3b 200d dca6 0000 0000 0000 0000 0000 0000 0000 0001
00 01 0 0 0 0 4

43      LD B,E
    0 MC 0000
    4 MR 0000 43
0200 d898 90d8 a169 0000 0000 0000 0000 0000 0000 0000 0001
00 01 0 0 0 0 4

6e      LD L,(HL)
    0 MC 0000
    4 MR 0000 6e
    4 MC a169
    7 MR a169 50
0200 cf98 90d8 a150 0000 0000 0000 0000 0000 0000 0000 0001
00 01 0 0 0 0 7

e3      EX (SP),HL
    0 MC 0000
    4 MR 0000 e3
    4 MC 0373
    7 MR 0373 8e
    7 MC 0374
   10 MR 0374 e1
   10 MC 0374
   11 MC 0374
   14 MW 0374 4d
   14 MC 0373
   17 MW 0373 22
   17 MC 0373
   18 MC 0373
0000 0000 0000 e18e 0000 0000 0000 0000 0000 0000 0373 0001
00 01 0 0 0 0 19
0373 22 4d -1

03      INC BC
    0 MC 0000
    4 MR 0000 03
    4 MC 0001
    5 MC 0001
0000 789b 0000 0000 0000 0000 0000 0000 0000 0000 0000 0001
00 01 0 0 0 0 6

3b      DEC SP
    0 MC 0000
    4 MR 0000 3b
    4 MC 0001
    5 MC 0001
0000 0000 0000 0000 0000 0000 0000 0000 0000 0000 9d35 0001
00 01 0 0 0 0 6

07      RLCA
    0 MC 0000
    4 MR 0000 07
1101 0000 0000 0000 0000 0000 0000 0000 0000 0000 0000 0001
00 01 0 0 0 0 4

1f      RRA
    0 MC 0000
    4 MR 0000 1f
00c5 0000 0000 0000 0000 0000 0000 0000 0000 0000 0000 0001
00 01 0 0 0 0 4

cb09    RRC C
    0 MC 0000
    4 MR 0000 cb
    4 MC 0001
    8 MR 0001 09
182c 122e dd97 59c6 0000 0000 0000 0000 0000 0000 0000 0002
00 02 0 0 0 0 8

cb11    RL C
    0 MC 0000
    4 MR 0000 cb
    4 MC 0001
    8 MR 0001 11
65ac e2b8 4b8a ed42 0000 0000 0000 0000 0000 0000 0000 0002
00 02 0 0 0 0 8

cb36    SLL (HL)*
    0 MC 0000
    4 MR 0000 cb
    4 MC 0001
    8 MR 0001 36
    8 MC 6d38
   11 MR 6d38 f1
   11 MC 6d38
   12 MC 6d38
   15 MW 6d38 e3
8aa1 1185 1dde 6d38 0000 0000 0000 0000 0000 0000 0000 0002
00 02 0 0 0 0 15
6d38 e3 -1

cb52    BIT 2,D
    0 MC 0000
    4 MR 0000 cb
    4 MC 0001
    8 MR 0001 52
8b74 ff7a b0ff ac44 0000 0000 0000 0000 0000 0000 0000 0002
00 02 0 0 0 0 8

cb93    RES 2,E
    0 MC 0000
    4 MR 0000 cb
    4 MC 0001
    8 MR 0001 93
c200 4e05 b3f8 2234 0000 0000 0000 0000 0000 0000 0000 0002
00 02 0 0 0 0 8

cbc4    SET 0,H
    0 MC 0000
    4 MR 0000 cb
    4 MC 0001
    8 MR 0001 c4
7e00 545a 6ecf 5976 0000 0000 0000 0000 0000 0000 0000 0002
00 02 0 0 0 0 8

dd75    LD (IX+d),L
    0 MC 0000
    4 MR 0000 dd
    4 MC 0001
    8 MR 0001 75
    8 MC 0002
   11 MR 0002 30
   11 MC 0002
   12 MC 0002
   13 MC 0002
   14 MC 0002
   15 MC 0002
   16 MC ae7c
   19 MW ae7c 4f
5772 e833 b63e 734f 0000 0000 0000 0000 ae4c e8c2 0000 0003
00 02 0 0 0 0 19
ae7c 4f -1

dd4e    LD C,(IX+d)
    0 MC 0000
    4 MR 0000 dd
    4 MC 0001
    8 MR 0001 4e
    8 MC 0002
   11 MR 0002 2e
   11 MC 0002
   12 MC 0002
   13 MC 0002
   14 MC 0002
   15 MC 0002
   16 MC d979
   19 MR d979 76
7bf7 6676 8d55 def2 0000 0000 0000 0000 d94b 17fb 0000 0003
00 02 0 0 0 0 19

